7b02bbdfa79bd13a92814637343d8fd76a9ffcda
